I'm sorry, but errors were detected in your script. Please correct the
errors listed below, and try again.


File "game/screens.rpy", line 409: Line is indented, but the preceding text statement does not expect a block. Please check this line's indentation.
    style "slot_time_text"
    ^

Ren'Py Version: Ren'Py 8.0.3.22090809
Mon Apr 17 22:45:25 2023
